cJSON.c:93:28:cJSON_GetErrorPtr	4	static
cJSON.c:98:22:cJSON_GetStringValue	16	static
cJSON.c:108:22:cJSON_GetNumberValue	24	static
cJSON.c:123:27:cJSON_Version	16	static
cJSON.c:132:12:case_insensitive_strcmp	32	static
cJSON.c:177:7:pvPortRealloc	24	static
cJSON.c:200:23:cJSON_strdup	24	static
cJSON.c:221:20:cJSON_InitHooks	16	static
cJSON.c:253:15:cJSON_New_Item	24	static
cJSON.c:265:20:cJSON_Delete	24	static
cJSON.c:289:22:get_decimal_point	4	static
cJSON.c:317:19:parse_number	112	static
cJSON.c:394:22:cJSON_SetNumberHelper	32	static
cJSON.c:412:21:cJSON_SetValuestring	32	static
cJSON.c:451:23:ensure	24	static
cJSON.c:539:13:update_offset	32	static
cJSON.c:552:19:compare_double	56	static
cJSON.c:559:19:print_number	96	static
cJSON.c:625:17:parse_hex4	24	static
cJSON.c:662:22:utf16_literal_to_utf8	48	static
cJSON.c:783:19:parse_string	48	static
cJSON.c:912:19:print_string_ptr	40	static
cJSON.c:1034:19:print_string	16	static
cJSON.c:1048:22:buffer_skip_whitespace	16	static
cJSON.c:1074:22:skip_utf8_bom	16	static
cJSON.c:1089:23:cJSON_ParseWithOpts	32	static
cJSON.c:1105:23:cJSON_ParseWithLengthOpts	64	static
cJSON.c:1185:23:cJSON_Parse	16	static
cJSON.c:1190:23:cJSON_ParseWithLength	16	static
cJSON.c:1197:23:print	64	static
cJSON.c:1262:22:cJSON_Print	16	static
cJSON.c:1267:22:cJSON_PrintUnformatted	16	static
cJSON.c:1272:22:cJSON_PrintBuffered	64	static
cJSON.c:1302:26:cJSON_PrintPreallocated	64	static
cJSON.c:1322:19:parse_value	16	static
cJSON.c:1377:19:print_value	24	static
cJSON.c:1451:19:parse_array	32	static
cJSON.c:1549:19:print_array	32	static
cJSON.c:1611:19:parse_object	32	static
cJSON.c:1724:19:print_object	40	static
cJSON.c:1838:19:cJSON_GetArraySize	24	static
cJSON.c:1861:15:get_array_item	24	static
cJSON.c:1880:23:cJSON_GetArrayItem	16	static
cJSON.c:1890:15:get_object_item	32	static
cJSON.c:1922:23:cJSON_GetObjectItem	16	static
cJSON.c:1927:23:cJSON_GetObjectItemCaseSensitive	16	static
cJSON.c:1932:26:cJSON_HasObjectItem	16	static
cJSON.c:1938:13:suffix_object	16	static
cJSON.c:1945:15:create_reference	24	static
cJSON.c:1966:19:add_item_to_array	24	static
cJSON.c:2009:26:cJSON_AddItemToArray	16	static
cJSON.c:2021:14:cast_away_const	16	static
cJSON.c:2030:19:add_item_to_object	32	static
cJSON.c:2067:26:cJSON_AddItemToObject	32	static
cJSON.c:2073:26:cJSON_AddItemToObjectCS	32	static
cJSON.c:2078:26:cJSON_AddItemReferenceToArray	16	static
cJSON.c:2088:26:cJSON_AddItemReferenceToObject	32	static
cJSON.c:2098:22:cJSON_AddNullToObject	32	static
cJSON.c:2110:22:cJSON_AddTrueToObject	32	static
cJSON.c:2122:22:cJSON_AddFalseToObject	32	static
cJSON.c:2134:22:cJSON_AddBoolToObject	40	static
cJSON.c:2146:22:cJSON_AddNumberToObject	40	static
cJSON.c:2158:22:cJSON_AddStringToObject	40	static
cJSON.c:2170:22:cJSON_AddRawToObject	40	static
cJSON.c:2182:22:cJSON_AddObjectToObject	32	static
cJSON.c:2194:22:cJSON_AddArrayToObject	32	static
cJSON.c:2206:23:cJSON_DetachItemViaPointer	16	static
cJSON.c:2242:23:cJSON_DetachItemFromArray	16	static
cJSON.c:2252:20:cJSON_DeleteItemFromArray	16	static
cJSON.c:2257:23:cJSON_DetachItemFromObject	24	static
cJSON.c:2264:23:cJSON_DetachItemFromObjectCaseSensitive	24	static
cJSON.c:2271:20:cJSON_DeleteItemFromObject	16	static
cJSON.c:2276:20:cJSON_DeleteItemFromObjectCaseSensitive	16	static
cJSON.c:2282:26:cJSON_InsertItemInArray	32	static
cJSON.c:2311:26:cJSON_ReplaceItemViaPointer	24	static
cJSON.c:2360:26:cJSON_ReplaceItemInArray	24	static
cJSON.c:2370:19:replace_item_in_object	24	static
cJSON.c:2388:26:cJSON_ReplaceItemInObject	24	static
cJSON.c:2393:26:cJSON_ReplaceItemInObjectCaseSensitive	24	static
cJSON.c:2399:23:cJSON_CreateNull	16	static
cJSON.c:2410:23:cJSON_CreateTrue	16	static
cJSON.c:2421:23:cJSON_CreateFalse	16	static
cJSON.c:2432:23:cJSON_CreateBool	24	static
cJSON.c:2443:23:cJSON_CreateNumber	32	static
cJSON.c:2469:23:cJSON_CreateString	24	static
cJSON.c:2486:23:cJSON_CreateStringReference	24	static
cJSON.c:2498:23:cJSON_CreateObjectReference	24	static
cJSON.c:2509:23:cJSON_CreateArrayReference	24	static
cJSON.c:2519:23:cJSON_CreateRaw	24	static
cJSON.c:2536:23:cJSON_CreateArray	16	static
cJSON.c:2547:23:cJSON_CreateObject	16	static
cJSON.c:2559:23:cJSON_CreateIntArray	40	static
cJSON.c:2594:23:cJSON_CreateFloatArray	40	static
cJSON.c:2630:23:cJSON_CreateDoubleArray	32	static
cJSON.c:2666:23:cJSON_CreateStringArray	32	static
cJSON.c:2703:23:cJSON_Duplicate	40	static
cJSON.c:2782:13:skip_oneline_comment	16	static
cJSON.c:2795:13:skip_multiline_comment	16	static
cJSON.c:2809:13:minify_string	16	static
cJSON.c:2831:20:cJSON_Minify	24	static
cJSON.c:2879:26:cJSON_IsInvalid	16	static
cJSON.c:2889:26:cJSON_IsFalse	16	static
cJSON.c:2899:26:cJSON_IsTrue	16	static
cJSON.c:2910:26:cJSON_IsBool	16	static
cJSON.c:2919:26:cJSON_IsNull	16	static
cJSON.c:2929:26:cJSON_IsNumber	16	static
cJSON.c:2939:26:cJSON_IsString	16	static
cJSON.c:2949:26:cJSON_IsArray	16	static
cJSON.c:2959:26:cJSON_IsObject	16	static
cJSON.c:2969:26:cJSON_IsRaw	16	static
cJSON.c:2979:26:cJSON_Compare	40	static
cJSON.c:3104:22:cJSON_malloc	16	static
cJSON.c:3109:20:cJSON_free	16	static
