ModbusMaster.c:30:6:App_Huart2_Tx_callback	8	static
ModbusMaster.c:36:6:App_Huart2_rx_callback	4	static
ModbusMaster.c:42:6:MBm_Send_Buff_Data	16	static
ModbusMaster.c:53:5:MBm_Recv_Buff_Data	24	static
ModbusMaster.c:79:5:ModbusMaster_Init	4	static
ModbusMaster.c:83:17:calculateOutputCrc1	24	static
ModbusMaster.c:106:10:calculateOutputCrc	24	static
ModbusMaster.c:123:6:MBm_Salve_Init	16	static
ModbusMaster.c:136:18:MBm_Read_data_coil	24	static
ModbusMaster.c:182:18:MBm_Read_data_hoilding	32	static
ModbusMaster.c:240:18:MBm_Write_signal_data	24	static
ModbusMaster.c:293:18:MBm_Write_multi_coil	32	static
ModbusMaster.c:355:18:MBm_Write_multi_holding	32	static
