main.c:190:5:main	104	static
main.c:400:6:SystemClock_Config	104	static
main.c:452:13:MX_ADC1_Init	24	static
main.c:502:13:MX_I2C1_Init	8	static
main.c:536:13:MX_RTC_Init	32	static
main.c:598:13:MX_SDIO_SD_Init	4	static
main.c:626:13:MX_SPI1_Init	8	static
main.c:664:13:MX_TIM1_Init	32	static
main.c:710:13:MX_USART1_UART_Init	8	static
main.c:743:13:MX_USART2_UART_Init	8	static
main.c:776:13:MX_USART3_UART_Init	8	static
main.c:807:13:MX_DMA_Init	16	static
main.c:844:13:MX_GPIO_Init	56	static
main.c:907:13:MainfunctionTask	16	static
main.c:927:13:io_handle_cb	16	static
main.c:945:13:STC3115_handle_cb	16	static
main.c:964:6:HAL_TIM_PeriodElapsedCallback	16	static
main.c:983:6:Error_Handler	4	static
