main.c:186:5:_write	24	static
main.c:205:5:main	128	static
main.c:439:6:SystemClock_Config	104	static
main.c:491:13:MX_ADC1_Init	24	static
main.c:541:13:MX_I2C1_Init	8	static
main.c:575:13:MX_RTC_Init	32	static
main.c:637:13:MX_SDIO_SD_Init	4	static
main.c:665:13:MX_SPI1_Init	8	static
main.c:703:13:MX_TIM1_Init	32	static
main.c:749:13:MX_USART1_UART_Init	8	static
main.c:782:13:MX_USART2_UART_Init	8	static
main.c:815:13:MX_USART3_UART_Init	8	static
main.c:846:13:MX_DMA_Init	16	static
main.c:886:13:MX_GPIO_Init	56	static
main.c:952:13:MainfunctionTask	16	static
main.c:972:13:io_handle_cb	16	static
main.c:990:13:STC3115_handle_cb	16	static
main.c:1008:13:Start_Uc20	16	static
main.c:1027:6:HAL_TIM_PeriodElapsedCallback	16	static
main.c:1046:6:Error_Handler	4	static
