AT_Hardware_Driver.c:25:6:App_Huart1_Tx_callback	4	static
AT_Hardware_Driver.c:36:6:App_Huart1_rx_callback	8	static
AT_Hardware_Driver.c:42:5:AT_Hardware_Port_init	8	static
AT_Hardware_Driver.c:48:10:Get_Millis	8	static
AT_Hardware_Driver.c:53:6:AT_delay	16	static
AT_Hardware_Driver.c:58:5:AT_Send_buf	32	static
AT_Hardware_Driver.c:74:5:AT_Recv_1byte	16	static
AT_Hardware_Driver.c:87:5:AT_Free_Rxbuffer	4	static
AT_Hardware_Driver.c:94:5:AT_Recv_Rx_buf	24	static
AT_Hardware_Driver.c:140:5:AT_Recv_buf	24	static
AT_Hardware_Driver.c:144:5:AT_Recv_until	40	static
