AT_Hardware_Driver.c:23:6:AT_Debug_write	16	static
AT_Hardware_Driver.c:35:6:App_Huart1_Tx_callback	4	static
AT_Hardware_Driver.c:46:6:App_Huart1_rx_callback	8	static
AT_Hardware_Driver.c:52:5:AT_Hardware_Port_init	8	static
AT_Hardware_Driver.c:58:10:Get_Millis	8	static
AT_Hardware_Driver.c:63:6:AT_delay	16	static
AT_Hardware_Driver.c:68:5:AT_Send_buf	32	static
AT_Hardware_Driver.c:85:5:AT_Recv_1byte	16	static
AT_Hardware_Driver.c:100:5:AT_Recv_Rx_buf	24	static
AT_Hardware_Driver.c:144:5:AT_Free_Rxbuffer	1048	static
AT_Hardware_Driver.c:161:5:AT_Get_Data_Avaiable	24	static
AT_Hardware_Driver.c:166:5:AT_Recv_buf	24	static
AT_Hardware_Driver.c:170:5:AT_Check_Response	48	static
AT_Hardware_Driver.c:197:5:AT_Recv_until	40	static
