lv_port_indev_template.c:69:6:lv_port_indev_init	40	static
lv_port_indev_template.c:186:13:touchpad_init	4	static
lv_port_indev_template.c:192:13:touchpad_read	16	static
lv_port_indev_template.c:214:13:touchpad_is_pressed	4	static
lv_port_indev_template.c:222:13:touchpad_get_xy	16	static
lv_port_indev_template.c:236:13:mouse_init	4	static
lv_port_indev_template.c:242:13:mouse_read	16	static
lv_port_indev_template.c:259:13:mouse_is_pressed	4	static
lv_port_indev_template.c:267:13:mouse_get_xy	16	static
lv_port_indev_template.c:280:13:keypad_init	4	static
lv_port_indev_template.c:286:13:keypad_read	24	static
lv_port_indev_template.c:329:17:keypad_get_key	4	static
lv_port_indev_template.c:341:13:encoder_init	4	static
lv_port_indev_template.c:347:13:encoder_read	16	static
lv_port_indev_template.c:358:13:encoder_handler	4	static
lv_port_indev_template.c:372:13:button_init	4	static
lv_port_indev_template.c:378:13:button_read	24	static
lv_port_indev_template.c:401:15:button_get_pressed_id	16	static
lv_port_indev_template.c:418:13:button_is_pressed	16	static
