ST7565.c:83:13:ST7565_updateBoundingBox	16	static
ST7565.c:92:6:ST7565_drawbitmap	32	static
ST7565.c:105:6:ST7565_drawstring	16	static
ST7565.c:120:6:ST7565_drawstring_P	24	static
ST7565.c:137:7:ST7565_drawchar	24	static
ST7565.c:149:6:ST7565_drawline	40	static
ST7565.c:192:6:ST7565_fillrect	32	static
ST7565.c:206:6:ST7565_drawrect	32	static
ST7565.c:222:6:ST7565_drawcircle	32	static
ST7565.c:262:6:ST7565_fillcircle	32	static
ST7565.c:297:6:ST7565_my_setpixel	16	static
ST7565.c:309:6:ST7565_setpixel	16	static
ST7565.c:324:9:ST7565_getpixel	16	static
ST7565.c:331:6:ST7565_begin	24	static
ST7565.c:342:6:ST7565_st7565_init	8	static
ST7565.c:399:13:ST7565_spiwrite	16	static
ST7565.c:406:13:ST7565_spiwrite_buf	16	static
ST7565.c:410:6:ST7565_st7565_command	16	static,ignoring_inline_asm
ST7565.c:420:6:ST7565_st7565_data	16	static,ignoring_inline_asm
ST7565.c:429:6:ST7565_st7565_Write_Buf	16	static,ignoring_inline_asm
ST7565.c:438:6:ST7565_st7565_set_brightness	16	static
ST7565.c:442:6:Initial_Dispay_Line	16	static
ST7565.c:451:6:Set_Page_Address	16	static
ST7565.c:458:6:Set_Column_Address	16	static
ST7565.c:466:6:ST7565_display	16	static
ST7565.c:530:6:ST7565_clear	16	static
ST7565.c:547:6:ST7565_fill	24	static
ST7565.c:562:6:ST7565_refresh	16	static
ST7565.c:581:6:ST7565_clear_display	16	static
