lv_mem.h:153:44:_lv_memcpy_small	32	static
lv_area.h:100:20:lv_area_copy	16	static
lv_area.h:110:26:lv_area_get_width	16	static
lv_area.h:120:26:lv_area_get_height	16	static
lv_color.h:454:48:lv_color_mix	24	static
lv_color.h:611:26:lv_color_make	16	static
lv_color.h:616:26:lv_color_hex	16	static
lv_anim.h:129:20:lv_anim_set_var	16	static
lv_anim.h:141:20:lv_anim_set_exec_cb	16	static
lv_anim.h:151:20:lv_anim_set_time	16	static
lv_anim.h:161:20:lv_anim_set_delay	16	static
lv_anim.h:172:20:lv_anim_set_values	16	static
lv_anim.h:199:20:lv_anim_set_path	16	static
lv_anim.h:210:20:lv_anim_set_start_cb	16	static
lv_anim.h:220:20:lv_anim_set_ready_cb	16	static
lv_style.h:287:28:lv_style_list_get_style	16	static
lv_obj_style_dec.h:102:1:lv_obj_get_style_radius	16	static
lv_obj_style_dec.h:103:1:lv_obj_get_style_clip_corner	16	static
lv_obj_style_dec.h:105:1:lv_obj_get_style_transform_width	16	static
lv_obj_style_dec.h:106:1:lv_obj_get_style_transform_height	16	static
lv_obj_style_dec.h:109:1:lv_obj_get_style_opa_scale	16	static
lv_obj_style_dec.h:109:1:lv_obj_set_style_local_opa_scale	16	static
lv_obj_style_dec.h:110:1:lv_obj_get_style_pad_top	16	static
lv_obj_style_dec.h:111:1:lv_obj_get_style_pad_bottom	16	static
lv_obj_style_dec.h:112:1:lv_obj_get_style_pad_left	16	static
lv_obj_style_dec.h:113:1:lv_obj_get_style_pad_right	16	static
lv_obj_style_dec.h:114:1:lv_obj_get_style_pad_inner	16	static
lv_obj_style_dec.h:115:1:lv_obj_get_style_margin_top	16	static
lv_obj_style_dec.h:116:1:lv_obj_get_style_margin_bottom	16	static
lv_obj_style_dec.h:117:1:lv_obj_get_style_margin_left	16	static
lv_obj_style_dec.h:118:1:lv_obj_get_style_margin_right	16	static
lv_obj_style_dec.h:119:1:lv_obj_get_style_bg_blend_mode	16	static
lv_obj_style_dec.h:120:1:lv_obj_get_style_bg_main_stop	16	static
lv_obj_style_dec.h:121:1:lv_obj_get_style_bg_grad_stop	16	static
lv_obj_style_dec.h:122:1:lv_obj_get_style_bg_grad_dir	16	static
lv_obj_style_dec.h:123:1:lv_obj_get_style_bg_color	16	static
lv_obj_style_dec.h:124:1:lv_obj_get_style_bg_grad_color	16	static
lv_obj_style_dec.h:125:1:lv_obj_get_style_bg_opa	16	static
lv_obj_style_dec.h:126:1:lv_obj_get_style_border_width	16	static
lv_obj_style_dec.h:127:1:lv_obj_get_style_border_side	16	static
lv_obj_style_dec.h:128:1:lv_obj_get_style_border_blend_mode	16	static
lv_obj_style_dec.h:129:1:lv_obj_get_style_border_post	16	static
lv_obj_style_dec.h:130:1:lv_obj_get_style_border_color	16	static
lv_obj_style_dec.h:131:1:lv_obj_get_style_border_opa	16	static
lv_obj_style_dec.h:132:1:lv_obj_get_style_outline_width	16	static
lv_obj_style_dec.h:133:1:lv_obj_get_style_outline_pad	16	static
lv_obj_style_dec.h:134:1:lv_obj_get_style_outline_blend_mode	16	static
lv_obj_style_dec.h:135:1:lv_obj_get_style_outline_color	16	static
lv_obj_style_dec.h:136:1:lv_obj_get_style_outline_opa	16	static
lv_obj_style_dec.h:137:1:lv_obj_get_style_shadow_width	16	static
lv_obj_style_dec.h:138:1:lv_obj_get_style_shadow_ofs_x	16	static
lv_obj_style_dec.h:139:1:lv_obj_get_style_shadow_ofs_y	16	static
lv_obj_style_dec.h:140:1:lv_obj_get_style_shadow_spread	16	static
lv_obj_style_dec.h:141:1:lv_obj_get_style_shadow_blend_mode	16	static
lv_obj_style_dec.h:142:1:lv_obj_get_style_shadow_color	16	static
lv_obj_style_dec.h:143:1:lv_obj_get_style_shadow_opa	16	static
lv_obj_style_dec.h:144:1:lv_obj_get_style_pattern_repeat	16	static
lv_obj_style_dec.h:145:1:lv_obj_get_style_pattern_blend_mode	16	static
lv_obj_style_dec.h:146:1:lv_obj_get_style_pattern_recolor	16	static
lv_obj_style_dec.h:147:1:lv_obj_get_style_pattern_opa	16	static
lv_obj_style_dec.h:148:1:lv_obj_get_style_pattern_recolor_opa	16	static
lv_obj_style_dec.h:149:1:lv_obj_get_style_pattern_image	16	static
lv_obj_style_dec.h:150:1:lv_obj_get_style_value_letter_space	16	static
lv_obj_style_dec.h:151:1:lv_obj_get_style_value_line_space	16	static
lv_obj_style_dec.h:152:1:lv_obj_get_style_value_blend_mode	16	static
lv_obj_style_dec.h:153:1:lv_obj_get_style_value_ofs_x	16	static
lv_obj_style_dec.h:154:1:lv_obj_get_style_value_ofs_y	16	static
lv_obj_style_dec.h:155:1:lv_obj_get_style_value_align	16	static
lv_obj_style_dec.h:156:1:lv_obj_get_style_value_color	16	static
lv_obj_style_dec.h:157:1:lv_obj_get_style_value_opa	16	static
lv_obj_style_dec.h:158:1:lv_obj_get_style_value_font	16	static
lv_obj_style_dec.h:159:1:lv_obj_get_style_value_str	16	static
lv_obj_style_dec.h:160:1:lv_obj_get_style_text_letter_space	16	static
lv_obj_style_dec.h:161:1:lv_obj_get_style_text_line_space	16	static
lv_obj_style_dec.h:162:1:lv_obj_get_style_text_decor	16	static
lv_obj_style_dec.h:163:1:lv_obj_get_style_text_blend_mode	16	static
lv_obj_style_dec.h:164:1:lv_obj_get_style_text_color	16	static
lv_obj_style_dec.h:165:1:lv_obj_get_style_text_sel_color	16	static
lv_obj_style_dec.h:166:1:lv_obj_get_style_text_opa	16	static
lv_obj_style_dec.h:167:1:lv_obj_get_style_text_font	16	static
lv_obj_style_dec.h:168:1:lv_obj_get_style_line_width	16	static
lv_obj_style_dec.h:169:1:lv_obj_get_style_line_blend_mode	16	static
lv_obj_style_dec.h:170:1:lv_obj_get_style_line_dash_width	16	static
lv_obj_style_dec.h:171:1:lv_obj_get_style_line_dash_gap	16	static
lv_obj_style_dec.h:172:1:lv_obj_get_style_line_rounded	16	static
lv_obj_style_dec.h:173:1:lv_obj_get_style_line_color	16	static
lv_obj_style_dec.h:174:1:lv_obj_get_style_line_opa	16	static
lv_obj_style_dec.h:175:1:lv_obj_get_style_image_blend_mode	16	static
lv_obj_style_dec.h:176:1:lv_obj_get_style_image_recolor	16	static
lv_obj_style_dec.h:177:1:lv_obj_get_style_image_opa	16	static
lv_obj_style_dec.h:178:1:lv_obj_get_style_image_recolor_opa	16	static
lv_obj_style_dec.h:179:1:lv_obj_get_style_transition_time	16	static
lv_obj_style_dec.h:180:1:lv_obj_get_style_transition_delay	16	static
lv_obj_style_dec.h:181:1:lv_obj_get_style_transition_prop_1	16	static
lv_obj_style_dec.h:182:1:lv_obj_get_style_transition_prop_2	16	static
lv_obj_style_dec.h:183:1:lv_obj_get_style_transition_prop_3	16	static
lv_obj_style_dec.h:184:1:lv_obj_get_style_transition_prop_4	16	static
lv_obj_style_dec.h:185:1:lv_obj_get_style_transition_prop_5	16	static
lv_obj_style_dec.h:186:1:lv_obj_get_style_transition_prop_6	16	static
lv_obj_style_dec.h:188:1:lv_obj_get_style_transition_path	16	static
lv_obj.c:117:6:lv_init	40	static
lv_obj.c:199:12:lv_obj_create	32	static
lv_obj.c:402:10:lv_obj_del	40	static
lv_obj.c:437:6:lv_obj_del_anim_ready_cb	16	static
lv_obj.c:449:6:lv_obj_del_async	24	static
lv_obj.c:459:6:lv_obj_clean	32	static
lv_obj.c:479:6:lv_obj_invalidate_area	64	static
lv_obj.c:524:6:lv_obj_invalidate	40	static
lv_obj.c:553:6:lv_obj_set_parent	40	static
lv_obj.c:609:6:lv_obj_move_foreground	32	static
lv_obj.c:632:6:lv_obj_move_background	32	static
lv_obj.c:661:6:lv_obj_set_pos	40	static
lv_obj.c:715:6:lv_obj_set_x	24	static
lv_obj.c:727:6:lv_obj_set_y	24	static
lv_obj.c:740:6:lv_obj_set_size	40	static
lv_obj.c:794:6:lv_obj_set_width	24	static
lv_obj.c:806:6:lv_obj_set_height	24	static
lv_obj.c:818:6:lv_obj_set_width_fit	24	static
lv_obj.c:831:6:lv_obj_set_height_fit	24	static
lv_obj.c:845:6:lv_obj_set_width_margin	24	static
lv_obj.c:859:6:lv_obj_set_height_margin	24	static
lv_obj.c:876:6:lv_obj_align	48	static
lv_obj.c:916:6:lv_obj_align_origo	56	static
lv_obj.c:1065:6:lv_obj_realign	32	static
lv_obj.c:1086:6:lv_obj_set_auto_realign	24	static
lv_obj.c:1110:6:lv_obj_set_ext_click_area	32	static
lv_obj.c:1142:6:lv_obj_add_style	32	static
lv_obj.c:1166:6:lv_obj_remove_style	32	static
lv_obj.c:1191:6:lv_obj_clean_style_list	24	static
lv_obj.c:1213:6:lv_obj_reset_style_list	16	static
lv_obj.c:1232:6:_lv_obj_set_style_local_int	32	static
lv_obj.c:1254:6:_lv_obj_set_style_local_color	32	static
lv_obj.c:1276:6:_lv_obj_set_style_local_opa	24	static
lv_obj.c:1298:6:_lv_obj_set_style_local_ptr	32	static
lv_obj.c:1319:6:lv_obj_remove_style_local_prop	32	static
lv_obj.c:1332:6:lv_obj_refresh_style	32	static
lv_obj.c:1410:6:lv_obj_report_style_mod	24	static
lv_obj.c:1432:6:lv_obj_set_hidden	32	static
lv_obj.c:1451:6:lv_obj_set_adv_hittest	24	static
lv_obj.c:1463:6:lv_obj_set_click	24	static
lv_obj.c:1476:6:lv_obj_set_top	24	static
lv_obj.c:1488:6:lv_obj_set_drag	24	static
lv_obj.c:1501:6:lv_obj_set_drag_dir	24	static
lv_obj.c:1515:6:lv_obj_set_drag_throw	24	static
lv_obj.c:1528:6:lv_obj_set_drag_parent	24	static
lv_obj.c:1541:6:lv_obj_set_gesture_parent	16	static
lv_obj.c:1551:6:lv_obj_set_parent_event	24	static
lv_obj.c:1563:6:lv_obj_set_base_dir	16	static
lv_obj.c:1585:6:lv_obj_add_protect	24	static
lv_obj.c:1597:6:lv_obj_clear_protect	24	static
lv_obj.c:1612:6:lv_obj_set_state	128	static
lv_obj.c:1685:6:lv_obj_add_state	32	static
lv_obj.c:1702:6:lv_obj_clear_state	32	static
lv_obj.c:1718:6:lv_obj_finish_transitions	24	static
lv_obj.c:1739:6:lv_obj_set_event_cb	24	static
lv_obj.c:1753:10:lv_event_send	40	static
lv_obj.c:1774:10:lv_event_send_func	56	static
lv_obj.c:1831:14:lv_event_get_data	4	static
lv_obj.c:1842:6:lv_obj_set_signal_cb	24	static
lv_obj.c:1855:10:lv_signal_send	32	static
lv_obj.c:1870:6:lv_obj_set_design_cb	24	static
lv_obj.c:1888:8:lv_obj_allocate_ext_attr	32	static
lv_obj.c:1904:6:lv_obj_refresh_ext_draw_pad	24	static
lv_obj.c:1922:12:lv_obj_get_screen	32	static
lv_obj.c:1942:13:lv_obj_get_disp	40	static
lv_obj.c:1974:12:lv_obj_get_parent	24	static
lv_obj.c:1988:12:lv_obj_get_child	32	static
lv_obj.c:2011:12:lv_obj_get_child_back	32	static
lv_obj.c:2032:10:lv_obj_count_children	32	static
lv_obj.c:2048:10:lv_obj_count_children_recursive	32	static
lv_obj.c:2072:6:lv_obj_get_coords	24	static
lv_obj.c:2084:6:lv_obj_get_inner_coords	32	static
lv_obj.c:2105:12:lv_obj_get_x	32	static
lv_obj.c:2125:12:lv_obj_get_y	32	static
lv_obj.c:2145:12:lv_obj_get_width	24	static
lv_obj.c:2157:12:lv_obj_get_height	24	static
lv_obj.c:2169:12:lv_obj_get_width_fit	32	static
lv_obj.c:2184:12:lv_obj_get_height_fit	32	static
lv_obj.c:2200:12:lv_obj_get_height_margin	24	static
lv_obj.c:2214:12:lv_obj_get_width_margin	24	static
lv_obj.c:2232:12:lv_obj_get_width_grid	24	static
lv_obj.c:2253:12:lv_obj_get_height_grid	24	static
lv_obj.c:2269:6:lv_obj_get_auto_realign	24	static
lv_obj.c:2286:12:lv_obj_get_ext_click_pad_left	24	static
lv_obj.c:2305:12:lv_obj_get_ext_click_pad_right	24	static
lv_obj.c:2324:12:lv_obj_get_ext_click_pad_top	24	static
lv_obj.c:2343:12:lv_obj_get_ext_click_pad_bottom	24	static
lv_obj.c:2362:12:lv_obj_get_ext_draw_pad	24	static
lv_obj.c:2373:19:lv_obj_get_style_list	32	static
lv_obj.c:2403:16:_lv_obj_get_style_int	40	static
lv_obj.c:2466:12:_lv_obj_get_style_color	40	static
lv_obj.c:2522:10:_lv_obj_get_style_opa	40	static
lv_obj.c:2579:14:_lv_obj_get_style_ptr	40	static
lv_obj.c:2632:14:lv_obj_get_local_style	32	static
lv_obj.c:2648:6:lv_obj_get_hidden	24	static
lv_obj.c:2660:6:lv_obj_get_adv_hittest	24	static
lv_obj.c:2672:6:lv_obj_get_click	24	static
lv_obj.c:2684:6:lv_obj_get_top	24	static
lv_obj.c:2696:6:lv_obj_get_drag	24	static
lv_obj.c:2708:15:lv_obj_get_drag_dir	24	static
lv_obj.c:2720:6:lv_obj_get_drag_throw	24	static
lv_obj.c:2732:6:lv_obj_get_drag_parent	16	static
lv_obj.c:2742:6:lv_obj_get_gesture_parent	16	static
lv_obj.c:2752:6:lv_obj_get_parent_event	24	static
lv_obj.c:2760:15:lv_obj_get_base_dir	24	static
lv_obj.c:2785:9:lv_obj_get_protect	24	static
lv_obj.c:2798:6:lv_obj_is_protected	24	static
lv_obj.c:2805:12:lv_obj_get_state	32	static
lv_obj.c:2828:16:lv_obj_get_signal_cb	24	static
lv_obj.c:2840:16:lv_obj_get_design_cb	24	static
lv_obj.c:2852:15:lv_obj_get_event_cb	24	static
lv_obj.c:2869:8:lv_obj_get_ext_attr	24	static
lv_obj.c:2882:6:lv_obj_get_type	64	static
lv_obj.c:2950:8:lv_obj_get_group	24	static
lv_obj.c:2967:6:lv_obj_is_focused	24	static
lv_obj.c:2995:6:lv_obj_is_point_on_coords	24	static
lv_obj.c:3027:6:lv_obj_hittest	24	static
lv_obj.c:3047:10:lv_obj_handle_get_type_signal	24	static
lv_obj.c:3066:6:lv_obj_init_draw_rect_dsc	40	static
lv_obj.c:3196:6:lv_obj_init_draw_label_dsc	40	static
lv_obj.c:3228:6:lv_obj_init_draw_img_dsc	40	static
lv_obj.c:3254:6:lv_obj_init_draw_line_dsc	40	static
lv_obj.c:3290:12:lv_obj_get_draw_rect_ext_pad_size	96	static
lv_obj.c:3366:6:lv_obj_fade_in	88	static
lv_obj.c:3391:6:lv_obj_fade_out	88	static
lv_obj.c:3415:6:lv_debug_check_obj_type	56	static
lv_obj.c:3437:6:lv_debug_check_obj_valid	32	static
lv_obj.c:3459:13:lv_obj_del_async_cb	24	static
lv_obj.c:3466:13:obj_del_core	40	static
lv_obj.c:3553:24:lv_obj_design	152	static
lv_obj.c:3648:17:lv_obj_signal	32	static
lv_obj.c:3713:13:refresh_children_position	24	static
lv_obj.c:3731:13:report_style_mod_core	32	static
lv_obj.c:3761:13:refresh_children_style	24	static
lv_obj.c:3774:13:base_dir_refr_children	24	static
lv_obj.c:3801:27:trans_create	64	static
lv_obj.c:3912:13:trans_del	40	static
lv_obj.c:3938:13:trans_anim_cb	40	static
lv_obj.c:3974:13:trans_anim_start_cb	32	static
lv_obj.c:4003:13:trans_anim_ready_cb	40	static
lv_obj.c:4029:13:opa_scale_anim	16	static
lv_obj.c:4034:13:fade_in_anim_ready	16	static
lv_obj.c:4041:13:lv_event_mark_deleted	24	static
lv_obj.c:4051:13:obj_valid_child	24	static
