lv_mem.h:214:44:_lv_memcpy_small	32	static
lv_area.h:100:20:lv_area_copy	16	static
lv_area.h:110:26:lv_area_get_width	16	static
lv_area.h:120:26:lv_area_get_height	16	static
lv_color.h:462:48:lv_color_mix	24	static
lv_color.h:650:26:lv_color_make	16	static
lv_color.h:655:26:lv_color_hex	16	static
lv_anim.h:129:20:lv_anim_set_var	16	static
lv_anim.h:141:20:lv_anim_set_exec_cb	16	static
lv_anim.h:151:20:lv_anim_set_time	16	static
lv_anim.h:161:20:lv_anim_set_delay	16	static
lv_anim.h:172:20:lv_anim_set_values	16	static
lv_anim.h:200:20:lv_anim_set_path	16	static
lv_anim.h:211:20:lv_anim_set_start_cb	16	static
lv_anim.h:221:20:lv_anim_set_ready_cb	16	static
lv_style.h:311:28:lv_style_list_get_style	16	static
lv_obj_style_dec.h:102:1:lv_obj_get_style_radius	16	static
lv_obj_style_dec.h:103:1:lv_obj_get_style_clip_corner	16	static
lv_obj_style_dec.h:104:1:lv_obj_get_style_size	16	static
lv_obj_style_dec.h:105:1:lv_obj_get_style_transform_width	16	static
lv_obj_style_dec.h:106:1:lv_obj_get_style_transform_height	16	static
lv_obj_style_dec.h:107:1:lv_obj_get_style_transform_angle	16	static
lv_obj_style_dec.h:108:1:lv_obj_get_style_transform_zoom	16	static
lv_obj_style_dec.h:109:1:lv_obj_get_style_opa_scale	16	static
lv_obj_style_dec.h:109:1:lv_obj_set_style_local_opa_scale	16	static
lv_obj_style_dec.h:110:1:lv_obj_get_style_pad_top	16	static
lv_obj_style_dec.h:111:1:lv_obj_get_style_pad_bottom	16	static
lv_obj_style_dec.h:112:1:lv_obj_get_style_pad_left	16	static
lv_obj_style_dec.h:113:1:lv_obj_get_style_pad_right	16	static
lv_obj_style_dec.h:114:1:lv_obj_get_style_pad_inner	16	static
lv_obj_style_dec.h:115:1:lv_obj_get_style_margin_top	16	static
lv_obj_style_dec.h:116:1:lv_obj_get_style_margin_bottom	16	static
lv_obj_style_dec.h:117:1:lv_obj_get_style_margin_left	16	static
lv_obj_style_dec.h:118:1:lv_obj_get_style_margin_right	16	static
lv_obj_style_dec.h:119:1:lv_obj_get_style_bg_blend_mode	16	static
lv_obj_style_dec.h:120:1:lv_obj_get_style_bg_main_stop	16	static
lv_obj_style_dec.h:121:1:lv_obj_get_style_bg_grad_stop	16	static
lv_obj_style_dec.h:122:1:lv_obj_get_style_bg_grad_dir	16	static
lv_obj_style_dec.h:123:1:lv_obj_get_style_bg_color	16	static
lv_obj_style_dec.h:124:1:lv_obj_get_style_bg_grad_color	16	static
lv_obj_style_dec.h:125:1:lv_obj_get_style_bg_opa	16	static
lv_obj_style_dec.h:126:1:lv_obj_get_style_border_width	16	static
lv_obj_style_dec.h:127:1:lv_obj_get_style_border_side	16	static
lv_obj_style_dec.h:128:1:lv_obj_get_style_border_blend_mode	16	static
lv_obj_style_dec.h:129:1:lv_obj_get_style_border_post	16	static
lv_obj_style_dec.h:130:1:lv_obj_get_style_border_color	16	static
lv_obj_style_dec.h:131:1:lv_obj_get_style_border_opa	16	static
lv_obj_style_dec.h:132:1:lv_obj_get_style_outline_width	16	static
lv_obj_style_dec.h:133:1:lv_obj_get_style_outline_pad	16	static
lv_obj_style_dec.h:134:1:lv_obj_get_style_outline_blend_mode	16	static
lv_obj_style_dec.h:135:1:lv_obj_get_style_outline_color	16	static
lv_obj_style_dec.h:136:1:lv_obj_get_style_outline_opa	16	static
lv_obj_style_dec.h:137:1:lv_obj_get_style_shadow_width	16	static
lv_obj_style_dec.h:138:1:lv_obj_get_style_shadow_ofs_x	16	static
lv_obj_style_dec.h:139:1:lv_obj_get_style_shadow_ofs_y	16	static
lv_obj_style_dec.h:140:1:lv_obj_get_style_shadow_spread	16	static
lv_obj_style_dec.h:141:1:lv_obj_get_style_shadow_blend_mode	16	static
lv_obj_style_dec.h:142:1:lv_obj_get_style_shadow_color	16	static
lv_obj_style_dec.h:143:1:lv_obj_get_style_shadow_opa	16	static
lv_obj_style_dec.h:144:1:lv_obj_get_style_pattern_repeat	16	static
lv_obj_style_dec.h:145:1:lv_obj_get_style_pattern_blend_mode	16	static
lv_obj_style_dec.h:146:1:lv_obj_get_style_pattern_recolor	16	static
lv_obj_style_dec.h:147:1:lv_obj_get_style_pattern_opa	16	static
lv_obj_style_dec.h:148:1:lv_obj_get_style_pattern_recolor_opa	16	static
lv_obj_style_dec.h:149:1:lv_obj_get_style_pattern_image	16	static
lv_obj_style_dec.h:150:1:lv_obj_get_style_value_letter_space	16	static
lv_obj_style_dec.h:151:1:lv_obj_get_style_value_line_space	16	static
lv_obj_style_dec.h:152:1:lv_obj_get_style_value_blend_mode	16	static
lv_obj_style_dec.h:153:1:lv_obj_get_style_value_ofs_x	16	static
lv_obj_style_dec.h:154:1:lv_obj_get_style_value_ofs_y	16	static
lv_obj_style_dec.h:155:1:lv_obj_get_style_value_align	16	static
lv_obj_style_dec.h:156:1:lv_obj_get_style_value_color	16	static
lv_obj_style_dec.h:157:1:lv_obj_get_style_value_opa	16	static
lv_obj_style_dec.h:158:1:lv_obj_get_style_value_font	16	static
lv_obj_style_dec.h:159:1:lv_obj_get_style_value_str	16	static
lv_obj_style_dec.h:160:1:lv_obj_get_style_text_letter_space	16	static
lv_obj_style_dec.h:161:1:lv_obj_get_style_text_line_space	16	static
lv_obj_style_dec.h:162:1:lv_obj_get_style_text_decor	16	static
lv_obj_style_dec.h:163:1:lv_obj_get_style_text_blend_mode	16	static
lv_obj_style_dec.h:164:1:lv_obj_get_style_text_color	16	static
lv_obj_style_dec.h:165:1:lv_obj_get_style_text_sel_color	16	static
lv_obj_style_dec.h:166:1:lv_obj_get_style_text_sel_bg_color	16	static
lv_obj_style_dec.h:167:1:lv_obj_get_style_text_opa	16	static
lv_obj_style_dec.h:168:1:lv_obj_get_style_text_font	16	static
lv_obj_style_dec.h:169:1:lv_obj_get_style_line_width	16	static
lv_obj_style_dec.h:170:1:lv_obj_get_style_line_blend_mode	16	static
lv_obj_style_dec.h:171:1:lv_obj_get_style_line_dash_width	16	static
lv_obj_style_dec.h:172:1:lv_obj_get_style_line_dash_gap	16	static
lv_obj_style_dec.h:173:1:lv_obj_get_style_line_rounded	16	static
lv_obj_style_dec.h:174:1:lv_obj_get_style_line_color	16	static
lv_obj_style_dec.h:175:1:lv_obj_get_style_line_opa	16	static
lv_obj_style_dec.h:176:1:lv_obj_get_style_image_blend_mode	16	static
lv_obj_style_dec.h:177:1:lv_obj_get_style_image_recolor	16	static
lv_obj_style_dec.h:178:1:lv_obj_get_style_image_opa	16	static
lv_obj_style_dec.h:179:1:lv_obj_get_style_image_recolor_opa	16	static
lv_obj_style_dec.h:180:1:lv_obj_get_style_transition_time	16	static
lv_obj_style_dec.h:181:1:lv_obj_get_style_transition_delay	16	static
lv_obj_style_dec.h:182:1:lv_obj_get_style_transition_prop_1	16	static
lv_obj_style_dec.h:183:1:lv_obj_get_style_transition_prop_2	16	static
lv_obj_style_dec.h:184:1:lv_obj_get_style_transition_prop_3	16	static
lv_obj_style_dec.h:185:1:lv_obj_get_style_transition_prop_4	16	static
lv_obj_style_dec.h:186:1:lv_obj_get_style_transition_prop_5	16	static
lv_obj_style_dec.h:187:1:lv_obj_get_style_transition_prop_6	16	static
lv_obj_style_dec.h:189:1:lv_obj_get_style_transition_path	16	static
lv_obj_style_dec.h:194:1:lv_obj_get_style_scale_width	16	static
lv_obj_style_dec.h:195:1:lv_obj_get_style_scale_border_width	16	static
lv_obj_style_dec.h:196:1:lv_obj_get_style_scale_end_border_width	16	static
lv_obj_style_dec.h:197:1:lv_obj_get_style_scale_end_line_width	16	static
lv_obj_style_dec.h:198:1:lv_obj_get_style_scale_grad_color	16	static
lv_obj_style_dec.h:199:1:lv_obj_get_style_scale_end_color	16	static
lv_obj.c:171:6:lv_init	48	static
lv_obj.c:246:6:lv_deinit	8	static
lv_obj.c:273:12:lv_obj_create	32	static
lv_obj.c:480:10:lv_obj_del	40	static
lv_obj.c:515:6:lv_obj_del_anim_ready_cb	16	static
lv_obj.c:527:6:lv_obj_del_async	24	static
lv_obj.c:537:6:lv_obj_clean	32	static
lv_obj.c:553:6:lv_obj_invalidate_area	40	static
lv_obj.c:568:6:lv_obj_invalidate	40	static
lv_obj.c:591:6:lv_obj_area_is_visible	40	static
lv_obj.c:636:6:lv_obj_is_visible	40	static
lv_obj.c:665:6:lv_obj_set_parent	40	static
lv_obj.c:721:6:lv_obj_move_foreground	32	static
lv_obj.c:744:6:lv_obj_move_background	32	static
lv_obj.c:773:6:lv_obj_set_pos	40	static
lv_obj.c:825:6:lv_obj_set_x	24	static
lv_obj.c:837:6:lv_obj_set_y	24	static
lv_obj.c:850:6:lv_obj_set_size	40	static
lv_obj.c:904:6:lv_obj_set_width	24	static
lv_obj.c:916:6:lv_obj_set_height	24	static
lv_obj.c:928:6:lv_obj_set_width_fit	24	static
lv_obj.c:941:6:lv_obj_set_height_fit	24	static
lv_obj.c:955:6:lv_obj_set_width_margin	24	static
lv_obj.c:969:6:lv_obj_set_height_margin	24	static
lv_obj.c:985:6:lv_obj_align	48	static
lv_obj.c:1012:6:lv_obj_align_x	48	static
lv_obj.c:1030:6:lv_obj_align_y	48	static
lv_obj.c:1049:6:lv_obj_align_mid	48	static
lv_obj.c:1079:6:lv_obj_align_mid_x	48	static
lv_obj.c:1101:6:lv_obj_align_mid_y	48	static
lv_obj.c:1119:6:lv_obj_realign	32	static
lv_obj.c:1140:6:lv_obj_set_auto_realign	24	static
lv_obj.c:1164:6:lv_obj_set_ext_click_area	32	static
lv_obj.c:1196:6:lv_obj_add_style	32	static
lv_obj.c:1220:6:lv_obj_remove_style	32	static
lv_obj.c:1245:6:lv_obj_clean_style_list	24	static
lv_obj.c:1267:6:lv_obj_reset_style_list	16	static
lv_obj.c:1286:6:_lv_obj_set_style_local_int	32	static
lv_obj.c:1308:6:_lv_obj_set_style_local_color	32	static
lv_obj.c:1330:6:_lv_obj_set_style_local_opa	24	static
lv_obj.c:1352:6:_lv_obj_set_style_local_ptr	32	static
lv_obj.c:1373:6:lv_obj_remove_style_local_prop	32	static
lv_obj.c:1387:6:lv_obj_refresh_style	32	static
lv_obj.c:1467:6:lv_obj_report_style_mod	24	static
lv_obj.c:1485:6:_lv_obj_disable_style_caching	32	static
lv_obj.c:1509:6:lv_obj_set_hidden	32	static
lv_obj.c:1528:6:lv_obj_set_adv_hittest	24	static
lv_obj.c:1540:6:lv_obj_set_click	24	static
lv_obj.c:1553:6:lv_obj_set_top	24	static
lv_obj.c:1565:6:lv_obj_set_drag	24	static
lv_obj.c:1578:6:lv_obj_set_drag_dir	24	static
lv_obj.c:1592:6:lv_obj_set_drag_throw	24	static
lv_obj.c:1605:6:lv_obj_set_drag_parent	24	static
lv_obj.c:1618:6:lv_obj_set_gesture_parent	16	static
lv_obj.c:1629:6:lv_obj_set_focus_parent	16	static
lv_obj.c:1653:6:lv_obj_set_parent_event	24	static
lv_obj.c:1665:6:lv_obj_set_base_dir	16	static
lv_obj.c:1687:6:lv_obj_add_protect	24	static
lv_obj.c:1699:6:lv_obj_clear_protect	24	static
lv_obj.c:1714:6:lv_obj_set_state	416	static
lv_obj.c:1822:6:lv_obj_add_state	32	static
lv_obj.c:1839:6:lv_obj_clear_state	32	static
lv_obj.c:1855:6:lv_obj_finish_transitions	24	static
lv_obj.c:1876:6:lv_obj_set_event_cb	24	static
lv_obj.c:1890:10:lv_event_send	40	static
lv_obj.c:1906:10:lv_event_send_refresh	16	static
lv_obj.c:1915:6:lv_event_send_refresh_recursive	32	static
lv_obj.c:1957:10:lv_event_send_func	56	static
lv_obj.c:2014:14:lv_event_get_data	4	static
lv_obj.c:2025:6:lv_obj_set_signal_cb	24	static
lv_obj.c:2038:10:lv_signal_send	32	static
lv_obj.c:2053:6:lv_obj_set_design_cb	24	static
lv_obj.c:2071:8:lv_obj_allocate_ext_attr	32	static
lv_obj.c:2087:6:lv_obj_refresh_ext_draw_pad	24	static
lv_obj.c:2105:12:lv_obj_get_screen	32	static
lv_obj.c:2125:13:lv_obj_get_disp	40	static
lv_obj.c:2157:12:lv_obj_get_parent	24	static
lv_obj.c:2171:12:lv_obj_get_child	32	static
lv_obj.c:2194:12:lv_obj_get_child_back	32	static
lv_obj.c:2215:10:lv_obj_count_children	32	static
lv_obj.c:2231:10:lv_obj_count_children_recursive	32	static
lv_obj.c:2255:6:lv_obj_get_coords	24	static
lv_obj.c:2267:6:lv_obj_get_inner_coords	32	static
lv_obj.c:2288:12:lv_obj_get_x	32	static
lv_obj.c:2308:12:lv_obj_get_y	32	static
lv_obj.c:2328:12:lv_obj_get_width	24	static
lv_obj.c:2340:12:lv_obj_get_height	24	static
lv_obj.c:2352:12:lv_obj_get_width_fit	32	static
lv_obj.c:2367:12:lv_obj_get_height_fit	32	static
lv_obj.c:2383:12:lv_obj_get_height_margin	24	static
lv_obj.c:2397:12:lv_obj_get_width_margin	24	static
lv_obj.c:2415:12:lv_obj_get_width_grid	24	static
lv_obj.c:2436:12:lv_obj_get_height_grid	24	static
lv_obj.c:2452:6:lv_obj_get_auto_realign	24	static
lv_obj.c:2469:12:lv_obj_get_ext_click_pad_left	24	static
lv_obj.c:2488:12:lv_obj_get_ext_click_pad_right	24	static
lv_obj.c:2507:12:lv_obj_get_ext_click_pad_top	24	static
lv_obj.c:2526:12:lv_obj_get_ext_click_pad_bottom	24	static
lv_obj.c:2545:12:lv_obj_get_ext_draw_pad	24	static
lv_obj.c:2556:19:lv_obj_get_style_list	32	static
lv_obj.c:2586:16:_lv_obj_get_style_int	40	static
lv_obj.c:2717:12:_lv_obj_get_style_color	32	static
lv_obj.c:2773:10:_lv_obj_get_style_opa	40	static
lv_obj.c:2852:14:_lv_obj_get_style_ptr	40	static
lv_obj.c:2925:14:lv_obj_get_local_style	32	static
lv_obj.c:2941:6:lv_obj_get_hidden	24	static
lv_obj.c:2953:6:lv_obj_get_adv_hittest	24	static
lv_obj.c:2965:6:lv_obj_get_click	24	static
lv_obj.c:2977:6:lv_obj_get_top	24	static
lv_obj.c:2989:6:lv_obj_get_drag	24	static
lv_obj.c:3001:15:lv_obj_get_drag_dir	24	static
lv_obj.c:3013:6:lv_obj_get_drag_throw	24	static
lv_obj.c:3025:6:lv_obj_get_drag_parent	16	static
lv_obj.c:3035:6:lv_obj_get_gesture_parent	16	static
lv_obj.c:3045:6:lv_obj_get_focus_parent	16	static
lv_obj.c:3055:6:lv_obj_get_parent_event	24	static
lv_obj.c:3063:15:lv_obj_get_base_dir	24	static
lv_obj.c:3088:9:lv_obj_get_protect	24	static
lv_obj.c:3101:6:lv_obj_is_protected	24	static
lv_obj.c:3108:12:lv_obj_get_state	32	static
lv_obj.c:3131:16:lv_obj_get_signal_cb	24	static
lv_obj.c:3143:16:lv_obj_get_design_cb	24	static
lv_obj.c:3155:15:lv_obj_get_event_cb	24	static
lv_obj.c:3172:8:lv_obj_get_ext_attr	24	static
lv_obj.c:3185:6:lv_obj_get_type	64	static
lv_obj.c:3253:8:lv_obj_get_group	24	static
lv_obj.c:3270:6:lv_obj_is_focused	24	static
lv_obj.c:3298:6:lv_obj_is_point_on_coords	24	static
lv_obj.c:3330:6:lv_obj_hittest	24	static
lv_obj.c:3350:10:lv_obj_handle_get_type_signal	24	static
lv_obj.c:3369:6:lv_obj_init_draw_rect_dsc	40	static
lv_obj.c:3505:6:lv_obj_init_draw_label_dsc	40	static
lv_obj.c:3538:6:lv_obj_init_draw_img_dsc	40	static
lv_obj.c:3565:6:lv_obj_init_draw_line_dsc	40	static
lv_obj.c:3601:12:lv_obj_get_draw_rect_ext_pad_size	96	static
lv_obj.c:3677:6:lv_obj_fade_in	96	static
lv_obj.c:3702:6:lv_obj_fade_out	96	static
lv_obj.c:3726:6:lv_debug_check_obj_type	56	static
lv_obj.c:3748:6:lv_debug_check_obj_valid	32	static
lv_obj.c:3770:13:lv_obj_del_async_cb	24	static
lv_obj.c:3777:13:obj_del_core	40	static
lv_obj.c:3860:24:lv_obj_design	160	static
lv_obj.c:3968:12:lv_obj_get_focused_obj	24	static
lv_obj.c:3986:17:lv_obj_signal	40	static
lv_obj.c:4065:13:refresh_children_position	24	static
lv_obj.c:4083:13:report_style_mod_core	32	static
lv_obj.c:4114:13:refresh_children_style	24	static
lv_obj.c:4127:13:base_dir_refr_children	24	static
lv_obj.c:4142:13:obj_align_core	40	static
lv_obj.c:4162:13:obj_align_mid_core	48	static
lv_obj.c:4307:27:trans_create	64	static
lv_obj.c:4428:13:trans_del	40	static
lv_obj.c:4454:13:trans_anim_cb	40	static
lv_obj.c:4490:13:trans_anim_start_cb	32	static
lv_obj.c:4519:13:trans_anim_ready_cb	40	static
lv_obj.c:4545:13:opa_scale_anim	16	static
lv_obj.c:4550:13:fade_in_anim_ready	16	static
lv_obj.c:4557:13:lv_event_mark_deleted	24	static
lv_obj.c:4567:13:obj_valid_child	24	static
lv_obj.c:4582:13:style_prop_is_cacheble	16	static
lv_obj.c:4636:13:update_style_cache	24	static
lv_obj.c:4723:13:update_style_cache_children	40	static
lv_obj.c:4760:13:invalidate_style_cache	32	static
lv_obj.c:4790:13:style_snapshot	40	static
lv_obj.c:4837:29:style_snapshot_compare	16	static
