lv_mem.h:153:44:_lv_memcpy_small	32	static
lv_style.h:287:28:lv_style_list_get_style	16	static
lv_style.c:60:6:lv_style_init	16	static
lv_style.c:73:6:lv_style_copy	24	static
lv_style.c:94:6:lv_style_remove_prop	40	static
lv_style.c:135:6:lv_style_list_init	16	static
lv_style.c:148:6:lv_style_list_copy	24	static
lv_style.c:194:6:_lv_style_list_add_style	32	static
lv_style.c:232:6:_lv_style_list_remove_style	32	static
lv_style.c:281:6:_lv_style_list_reset	24	static
lv_style.c:318:6:lv_style_reset	16	static
lv_style.c:331:10:_lv_style_get_mem_size	24	static
lv_style.c:361:6:_lv_style_set_int	48	static
lv_style.c:407:6:_lv_style_set_color	48	static
lv_style.c:454:6:_lv_style_set_opa	48	static
lv_style.c:501:6:_lv_style_set_ptr	56	static
lv_style.c:548:9:_lv_style_get_int	40	static
lv_style.c:585:9:_lv_style_get_opa	40	static
lv_style.c:622:9:_lv_style_get_color	40	static
lv_style.c:656:9:_lv_style_get_ptr	40	static
lv_style.c:683:14:lv_style_list_get_local_style	16	static
lv_style.c:697:14:_lv_style_list_get_transition_style	16	static
lv_style.c:710:14:_lv_style_list_add_trans_style	32	static
lv_style.c:745:6:_lv_style_list_set_local_int	24	static
lv_style.c:761:6:_lv_style_list_set_local_opa	24	static
lv_style.c:777:6:_lv_style_list_set_local_color	24	static
lv_style.c:793:6:_lv_style_list_set_local_ptr	32	static
lv_style.c:814:10:_lv_style_list_get_int	48	static
lv_style.c:866:10:_lv_style_list_get_color	48	static
lv_style.c:916:10:_lv_style_list_get_opa	48	static
lv_style.c:966:10:_lv_style_list_get_ptr	48	static
lv_style.c:1010:6:lv_debug_check_style	16	static
lv_style.c:1029:6:lv_debug_check_style_list	16	static
lv_style.c:1056:45:get_property_index	32	static
lv_style.c:1108:21:get_alloc_local_style	32	static
