lv_mem.h:214:44:_lv_memcpy_small	32	static
lv_area.h:100:20:lv_area_copy	16	static
lv_area.h:110:26:lv_area_get_width	16	static
lv_area.h:120:26:lv_area_get_height	16	static
lv_font.h:118:26:lv_font_get_line_height	16	static
lv_anim.h:129:20:lv_anim_set_var	16	static
lv_anim.h:141:20:lv_anim_set_exec_cb	16	static
lv_anim.h:151:20:lv_anim_set_time	16	static
lv_anim.h:172:20:lv_anim_set_values	16	static
lv_anim.h:231:20:lv_anim_set_playback_time	16	static
lv_anim.h:241:20:lv_anim_set_playback_delay	16	static
lv_anim.h:251:20:lv_anim_set_repeat_count	16	static
lv_anim.h:261:20:lv_anim_set_repeat_delay	16	static
lv_obj_style_dec.h:105:1:lv_obj_get_style_transform_width	16	static
lv_obj_style_dec.h:106:1:lv_obj_get_style_transform_height	16	static
lv_obj_style_dec.h:110:1:lv_obj_get_style_pad_top	16	static
lv_obj_style_dec.h:111:1:lv_obj_get_style_pad_bottom	16	static
lv_obj_style_dec.h:112:1:lv_obj_get_style_pad_left	16	static
lv_obj_style_dec.h:113:1:lv_obj_get_style_pad_right	16	static
lv_obj_style_dec.h:160:1:lv_obj_get_style_text_letter_space	16	static
lv_obj_style_dec.h:161:1:lv_obj_get_style_text_line_space	16	static
lv_obj_style_dec.h:168:1:lv_obj_get_style_text_font	16	static
lv_label.c:76:12:lv_label_create	40	static
lv_label.c:180:6:lv_label_set_text	32	static
lv_label.c:253:6:lv_label_set_text_fmt	28	static
lv_label.c:288:6:lv_label_set_text_static	32	static
lv_label.c:313:6:lv_label_set_long_mode	32	static
lv_label.c:348:6:lv_label_set_align	32	static
lv_label.c:366:6:lv_label_set_recolor	32	static
lv_label.c:384:6:lv_label_set_anim_speed	32	static
lv_label.c:403:6:lv_label_set_text_sel_start	24	static
lv_label.c:417:6:lv_label_set_text_sel_end	24	static
lv_label.c:440:8:lv_label_get_text	32	static
lv_label.c:454:22:lv_label_get_long_mode	32	static
lv_label.c:467:18:lv_label_get_align	32	static
lv_label.c:495:6:lv_label_get_recolor	32	static
lv_label.c:508:10:lv_label_get_anim_speed	32	static
lv_label.c:528:6:lv_label_get_letter_pos	112	static
lv_label.c:650:10:lv_label_get_letter_on	128	static
lv_label.c:781:10:lv_label_get_text_sel_start	24	static
lv_label.c:800:10:lv_label_get_text_sel_end	24	static
lv_label.c:819:6:lv_label_is_char_under_pos	112	static
lv_label.c:905:19:lv_label_get_style	24	static
lv_label.c:929:6:lv_label_ins_text	48	static
lv_label.c:975:6:lv_label_cut_text	40	static
lv_label.c:998:6:lv_label_refr_text	224	static
lv_label.c:1243:24:lv_label_design	208	static
lv_label.c:1350:17:lv_label_signal	48	static
lv_label.c:1403:13:lv_label_revert_dots	40	static
lv_label.c:1425:13:lv_label_set_offset_x	24	static
lv_label.c:1432:13:lv_label_set_offset_y	24	static
lv_label.c:1447:13:lv_label_set_dot_tmp	32	static
lv_label.c:1476:15:lv_label_get_dot_tmp	24	static
lv_label.c:1492:13:lv_label_dot_tmp_free	24	static
lv_label.c:1502:13:get_txt_coords	24	static
