lv_color.h:650:26:lv_color_make	16	static
lv_color.h:655:26:lv_color_hex	16	static
lv_obj_style_dec.h:123:1:lv_style_set_bg_color	16	static
lv_obj_style_dec.h:130:1:lv_style_set_border_color	16	static
lv_obj_style_dec.h:164:1:lv_style_set_text_color	16	static
lv_obj_style_dec.h:168:1:lv_style_set_text_font	24	static
lv_disp.h:182:20:lv_scr_load	16	static
App_Lvgl.c:48:6:Sys_Update_Data	24	static
App_Lvgl.c:74:6:Lv_Battery_set	16	static
App_Lvgl.c:136:6:lv_Gps_on	8	static
App_Lvgl.c:141:6:lv_Gps_off	8	static
App_Lvgl.c:145:6:lv_Sim_ready	8	static
App_Lvgl.c:150:6:lv_Sim_not_ready	8	static
App_Lvgl.c:155:6:lv_Gsm_on	8	static
App_Lvgl.c:160:6:lv_Gsm_off	8	static
App_Lvgl.c:165:6:Lv_DateTime_update	16	static
App_Lvgl.c:169:13:lv_Battery_setting	16	static
App_Lvgl.c:214:13:lv_font_init	8	static
App_Lvgl.c:252:6:lv_add_console_log_io	24	static
App_Lvgl.c:278:5:App_add_console_log	24	static
App_Lvgl.c:294:6:lv_obj_init	24	static
App_Lvgl.c:353:6:Lv_Sensor_Data_set	24	static
App_Lvgl.c:368:6:Lv_Sensor_Name_set	16	static
App_Lvgl.c:372:6:Lv_Sensor_Unit_set	32	static
