App_User.c:86:5:Make_aData_packeg	40	static
App_User.c:109:6:Sendata_via_Ble	8	static
App_User.c:115:5:Sys_Get_UID	8	static
App_User.c:125:6:System_Add_event	24	static
App_User.c:132:13:STC3115_Hardware_reset	8	static
App_User.c:140:5:Setting_Config_Parse	24	static
App_User.c:153:13:SYS_Get_Time	8	static
App_User.c:159:13:Update_Datetime	16	static
App_User.c:166:13:Updata_data_sensor	8	static
App_User.c:231:13:Update_Baterry_Data	8	static
App_User.c:252:7:MainfunctionTask	40	static
App_User.c:449:7:io_handle_cb	16	static
App_User.c:467:7:STC3115_handle_cb	32	static
App_User.c:522:7:Start_Uc20	16	static
