App_User.c:95:6:Sys_refresh_time	8	static
App_User.c:99:5:Make_aData_packeg	40	static
App_User.c:122:6:Sendata_via_Ble	8	static
App_User.c:128:5:Sys_Get_UID	8	static
App_User.c:138:6:System_Add_event	24	static
App_User.c:145:13:STC3115_Hardware_reset	8	static
App_User.c:153:5:Setting_Config_Parse	24	static
App_User.c:166:13:SYS_Get_Time	8	static
App_User.c:172:13:Update_Datetime	16	static
App_User.c:179:12:Sensor_calib	16	static
App_User.c:199:13:Updata_data_sensor	8	static
App_User.c:264:13:Update_Baterry_Data	8	static
App_User.c:287:6:Btn_Main_Screen_process	8	static
App_User.c:331:6:Btn_Setup_Screen_process	8	static
App_User.c:381:6:Btn_calib_init_Screen_process	8	static
App_User.c:419:6:Btn_calib_Start_Screen_process	8	static
App_User.c:439:6:Btn_calib_result_Screen_process	8	static
App_User.c:470:6:Btn_get_id_Screen_process	8	static
App_User.c:502:6:Btn_Update_Data_process	8	static
App_User.c:536:6:Screen_process	16	static
App_User.c:613:7:MainfunctionTask	24	static
App_User.c:694:7:io_handle_cb	16	static
App_User.c:712:7:STC3115_handle_cb	32	static
App_User.c:767:7:Start_Uc20	32	static
