lv_color.h:650:26:lv_color_make	16	static
lv_color.h:655:26:lv_color_hex	16	static
lv_obj_style_dec.h:110:1:lv_style_set_pad_top	16	static
lv_obj_style_dec.h:111:1:lv_style_set_pad_bottom	16	static
lv_obj_style_dec.h:112:1:lv_style_set_pad_left	16	static
lv_obj_style_dec.h:113:1:lv_style_set_pad_right	16	static
lv_obj_style_dec.h:123:1:lv_style_set_bg_color	16	static
lv_obj_style_dec.h:130:1:lv_style_set_border_color	16	static
lv_obj_style_dec.h:164:1:lv_style_set_text_color	16	static
lv_obj_style_dec.h:168:1:lv_style_set_text_font	24	static
lv_obj_style_dec.h:213:20:lv_style_set_pad_all	16	static
lv_disp.h:182:20:lv_scr_load	16	static
App_Lvgl.c:65:6:Lv_switch_to_screen	16	static
App_Lvgl.c:81:6:Lv_list_up	16	static
App_Lvgl.c:100:6:Sys_Update_Data	24	static
App_Lvgl.c:118:6:Lv_Battery_set	16	static
App_Lvgl.c:180:6:lv_Gps_on	8	static
App_Lvgl.c:185:6:lv_Gps_off	8	static
App_Lvgl.c:189:6:lv_Sim_ready	8	static
App_Lvgl.c:194:6:lv_Sim_not_ready	8	static
App_Lvgl.c:199:6:lv_Gsm_on	8	static
App_Lvgl.c:204:6:lv_Gsm_off	8	static
App_Lvgl.c:209:6:Lv_DateTime_update	16	static
App_Lvgl.c:213:13:lv_Battery_setting	16	static
App_Lvgl.c:258:13:lv_font_init	8	static
App_Lvgl.c:303:6:lv_add_console_log_io	24	static
App_Lvgl.c:329:5:App_add_console_log	24	static
App_Lvgl.c:345:13:event_handler	16	static
App_Lvgl.c:397:6:lv_obj_init	24	static
App_Lvgl.c:508:6:Lv_Sensor_Data_set	24	static
App_Lvgl.c:523:6:Lv_Sensor_Name_set	16	static
App_Lvgl.c:527:6:Lv_Sensor_Unit_set	32	static
