lv_color.h:650:26:lv_color_make	16	static
lv_color.h:655:26:lv_color_hex	16	static
lv_obj_style_dec.h:123:1:lv_style_set_bg_color	16	static
lv_obj_style_dec.h:130:1:lv_style_set_border_color	16	static
lv_obj_style_dec.h:164:1:lv_style_set_text_color	16	static
lv_obj_style_dec.h:168:1:lv_style_set_text_font	24	static
lv_disp.h:182:20:lv_scr_load	16	static
App_Lvgl.c:43:6:Sys_Update_Data	24	static
App_Lvgl.c:69:6:Lv_Battery_set	16	static
App_Lvgl.c:131:13:lv_Battery_setting	16	static
App_Lvgl.c:164:13:lv_font_init	8	static
App_Lvgl.c:202:6:lv_add_console_log_io	24	static
App_Lvgl.c:228:5:App_add_console_log	24	static
App_Lvgl.c:244:6:lv_obj_init	24	static
App_Lvgl.c:298:6:Lv_Sensor_Data_set	24	static
App_Lvgl.c:313:6:Lv_Sensor_Name_set	16	static
App_Lvgl.c:317:6:Lv_Sensor_Unit_set	32	static
