lv_color.h:611:26:lv_color_make	16	static
lv_color.h:616:26:lv_color_hex	16	static
lv_obj_style_dec.h:110:1:lv_style_set_pad_top	16	static
lv_obj_style_dec.h:111:1:lv_style_set_pad_bottom	16	static
lv_obj_style_dec.h:112:1:lv_style_set_pad_left	16	static
lv_obj_style_dec.h:113:1:lv_style_set_pad_right	16	static
lv_obj_style_dec.h:123:1:lv_style_set_bg_color	16	static
lv_obj_style_dec.h:130:1:lv_style_set_border_color	16	static
lv_obj_style_dec.h:164:1:lv_style_set_text_color	16	static
lv_obj_style_dec.h:167:1:lv_style_set_text_font	24	static
lv_disp.h:120:20:lv_scr_load	16	static
App_Lvgl.c:76:6:lv_cablib_start_show	16	static
App_Lvgl.c:83:6:lv_set_sensor_running	16	static
App_Lvgl.c:87:6:lv_cablib_init_show	16	static
App_Lvgl.c:102:6:lv_cablib_result_show	48	static
App_Lvgl.c:110:6:lv_update_data_show	56	static
App_Lvgl.c:138:6:Lv_switch_to_screen	16	static
App_Lvgl.c:185:6:Lv_list_up	16	static
App_Lvgl.c:203:5:lv_list_get_forcus_index	4	static
App_Lvgl.c:207:6:lv_list_forcus_btn	8	static
App_Lvgl.c:224:6:Sys_Update_Data	24	static
App_Lvgl.c:242:6:Lv_Battery_set	16	static
App_Lvgl.c:304:6:lv_Gps_on	8	static
App_Lvgl.c:309:6:lv_Gps_off	8	static
App_Lvgl.c:313:6:lv_Sim_ready	8	static
App_Lvgl.c:318:6:lv_Sim_not_ready	8	static
App_Lvgl.c:323:6:lv_Gsm_on	8	static
App_Lvgl.c:328:6:lv_Gsm_off	8	static
App_Lvgl.c:333:6:Lv_DateTime_update	16	static
App_Lvgl.c:337:13:lv_Battery_setting	16	static
App_Lvgl.c:382:13:lv_font_init	8	static
App_Lvgl.c:433:6:lv_add_console_log_io	24	static
App_Lvgl.c:459:5:App_add_console_log	24	static
App_Lvgl.c:475:13:event_handler	16	static
App_Lvgl.c:527:6:lv_obj_init	64	static
App_Lvgl.c:609:6:Lv_Sensor_Data_set	24	static
App_Lvgl.c:624:6:Lv_Sensor_Name_set	16	static
App_Lvgl.c:628:6:Lv_Sensor_Unit_set	32	static
